line profiling: sample.interval=20000
#File 1: /home/muelleki/git/R/DBI/R/DBConnection.R
#File 2: /home/muelleki/git/R/RSQLite/RSQLite-pkg/R/transactions.R
#File 3: /home/muelleki/git/R/DBI/R/transactions.R
#File 4: /home/muelleki/git/R/RSQLite/RSQLite-pkg/R/table.R
#File 5: ~/git/R/gprofiler/test.R
"unique" "findLocalsList1" "FUN" "lapply" "unlist" "unique" "findLocalsList1" "FUN" "lapply" "unlist" "unique" "findLocalsList1" "FUN" "lapply" "unlist" "unique" "findLocalsList1" "FUN" "lapply" "unlist" "unique" "findLocalsList1" "findLocalsList" "funEnv" "make.functionContext" "cmpfun" "doTryCatch" "tryCatchOne" "tryCatchList" "tryCatch" "compiler:::tryCmpfun" ".local" "dbSendQuery" "standardGeneric" "dbSendQuery" 1#154 "dbSendStatement" "standardGeneric" "dbSendStatement" 1#246 "dbExecute" "standardGeneric" 1#238 "dbExecute" 2#62 ".local" "dbBegin" "standardGeneric" 3#56 "dbBegin" 4#88 ".local" "dbWriteTable" "standardGeneric" 1#418 "dbWriteTable" 5#5 "eval" "eval" "withVisible" "source" 
"cmpConstArg" "cmpCallArgs" "cmpCallSymFun" "cmpCall" "cmp" "h" "tryInline" "cmpCall" "cmp" "h" "tryInline" "cmpCall" "cmp" "h" "tryInline" "cmpCall" "cmp" "genCode" "cmpfun" "doTryCatch" "tryCatchOne" "tryCatchList" "tryCatch" "compiler:::tryCmpfun" ".local" "dbSendQuery" "standardGeneric" "dbSendQuery" 1#154 "dbSendStatement" "standardGeneric" "dbSendStatement" 1#246 "dbExecute" "standardGeneric" 1#238 "dbExecute" 2#62 ".local" "dbBegin" "standardGeneric" 3#56 "dbBegin" 4#88 ".local" "dbWriteTable" "standardGeneric" 1#418 "dbWriteTable" 5#5 "eval" "eval" "withVisible" "source" 
".findInheritedMethods" "<Anonymous>" "standardGeneric" "dbSendQuery" 4#379 "sqliteListTablesWithName" 4#351 "dbExistsTable" "standardGeneric" "dbExistsTable" 4#91 ".local" "dbWriteTable" "standardGeneric" 1#418 "dbWriteTable" 5#5 "eval" "eval" "withVisible" "source" 
#File 6: /home/muelleki/git/R/RSQLite/RSQLite-pkg/R/rownames.R
#File 7: /home/muelleki/git/R/RSQLite/RSQLite-pkg/R/query.R
"cb$putcode" "cmpSym" "cmp" "genCode" "cb$putconst" "cmpCallArgs" "cmpCallSymFun" "cmpCall" "cmp" "cmpSymbolAssign" "h" "tryInline" "cmpCall" "cmp" "h" "tryInline" "cmpCall" "cmp" "genCode" "cmpfun" "doTryCatch" "tryCatchOne" "tryCatchList" "tryCatch" "compiler:::tryCmpfun" "get_from_session" "pkgconfig::get_config" 6#2 "compatRowNames" 7#93 ".local" "dbFetch" "standardGeneric" "dbFetch" "nrow" 4#354 "dbExistsTable" "standardGeneric" "dbExistsTable" 4#91 ".local" "dbWriteTable" "standardGeneric" 1#418 "dbWriteTable" 5#5 "eval" "eval" "withVisible" "source" 
"[[" "extends" ".inheritedArgsExpression" ".findInheritedMethods" "<Anonymous>" "standardGeneric" "dbSendStatement" 1#246 "dbExecute" "standardGeneric" 1#238 "dbExecute" 4#110 ".local" "dbWriteTable" "standardGeneric" 1#418 "dbWriteTable" 5#5 "eval" "eval" "withVisible" "source" 
"$" "getInlineInfo" "isBaseVar" "FUN" "lapply" "unlist" "Filter" "findLocalsList" "funEnv" "make.functionContext" "cmpfun" "doTryCatch" "tryCatchOne" "tryCatchList" "tryCatch" "compiler:::tryCmpfun" ".local" "dbReadTable" "standardGeneric" "dbReadTable" 5#7 "FUN" "lapply" 5#6 "eval" "eval" "withVisible" "source" 
"$" "findCenvVar" "findVar" "cmpSym" "cmp" "cmpIs" "h" "tryInline" "cmpCall" "cmp" "h" "tryInline" "cmpCall" "cmp" "h" "tryInline" "cmpCall" "cmp" "genCode" "cmpfun" "doTryCatch" "tryCatchOne" "tryCatchList" "tryCatch" "compiler:::tryCmpfun" ".local" "dbReadTable" "standardGeneric" "dbReadTable" 5#7 "FUN" "lapply" 5#6 "eval" "eval" "withVisible" "source" 
#File 8: /home/muelleki/git/R/RSQLite/RSQLite-pkg/R/RcppExports.R
#File 9: /home/muelleki/git/R/DBI/R/rownames.R
".Call" 8#37 "result_fetch" 9#57 "sqlColumnToRownames" 7#98 ".local" "dbFetch" "standardGeneric" "dbFetch" 1#204 ".local" "dbGetQuery" "standardGeneric" 1#193 "dbGetQuery" 4#321 ".local" "dbReadTable" "standardGeneric" "dbReadTable" 5#7 "FUN" "lapply" 5#6 "eval" "eval" "withVisible" "source" 
".Call" 8#37 "result_fetch" 9#57 "sqlColumnToRownames" 7#98 ".local" "dbFetch" "standardGeneric" "dbFetch" 1#204 ".local" "dbGetQuery" "standardGeneric" 1#193 "dbGetQuery" 4#321 ".local" "dbReadTable" "standardGeneric" "dbReadTable" 5#7 "FUN" "lapply" 5#6 "eval" "eval" "withVisible" "source" 
#File 10: /home/muelleki/git/R/DBI/R/quote.R
#File 11: /home/muelleki/git/R/RSQLite/RSQLite-pkg/R/SQLiteConnection.R
"paste" "initialize" "initialize" "new" 10#43 "SQL" 11#72 "dbQuoteIdentifier" "standardGeneric" 10#88 "dbQuoteIdentifier" 4#320 ".local" "dbReadTable" "standardGeneric" "dbReadTable" 5#7 "FUN" "lapply" 5#6 "eval" "eval" "withVisible" "source" 
"is" "extends" "is" ".valueClassTest" "dbFetch" 1#204 ".local" "dbGetQuery" "standardGeneric" 1#193 "dbGetQuery" 4#321 ".local" "dbReadTable" "standardGeneric" "dbReadTable" 5#7 "FUN" "lapply" 5#6 "eval" "eval" "withVisible" "source" 
".Call" 8#37 "result_fetch" 9#57 "sqlColumnToRownames" 7#98 ".local" "dbFetch" "standardGeneric" "dbFetch" 1#204 ".local" "dbGetQuery" "standardGeneric" 1#193 "dbGetQuery" 4#321 ".local" "dbReadTable" "standardGeneric" "dbReadTable" 5#7 "FUN" "lapply" 5#6 "eval" "eval" "withVisible" "source" 
".Call" 8#37 "result_fetch" 9#57 "sqlColumnToRownames" 7#98 ".local" "dbFetch" "standardGeneric" "dbFetch" 1#204 ".local" "dbGetQuery" "standardGeneric" 1#193 "dbGetQuery" 4#321 ".local" "dbReadTable" "standardGeneric" "dbReadTable" 5#7 "FUN" "lapply" 5#6 "eval" "eval" "withVisible" "source" 
#File 12: /home/muelleki/git/R/DBI/R/DBResult.R
7#109 "dbClearResult" "standardGeneric" 12#133 "dbClearResult" ".local" "dbGetQuery" "standardGeneric" 1#193 "dbGetQuery" 4#321 ".local" "dbReadTable" "standardGeneric" "dbReadTable" 5#7 "FUN" "lapply" 5#6 "eval" "eval" "withVisible" "source" 
"asMethod" "as<-" "initialize" "initialize" "new" 10#43 "SQL" 11#72 "dbQuoteIdentifier" "standardGeneric" 10#88 "dbQuoteIdentifier" 4#320 ".local" "dbReadTable" "standardGeneric" "dbReadTable" 5#7 "FUN" "lapply" 5#6 "eval" "eval" "withVisible" "source" 
"getClassDef" "getClass" "initialize" "initialize" "new" 7#16 ".local" "dbSendQuery" "standardGeneric" "dbSendQuery" 1#201 ".local" "dbGetQuery" "standardGeneric" 1#193 "dbGetQuery" 4#321 ".local" "dbReadTable" "standardGeneric" "dbReadTable" 5#7 "FUN" "lapply" 5#6 "eval" "eval" "withVisible" "source" 
".getClassesFromCache" "getClassDef" "is" "validObject" "initialize" "initialize" "new" 10#43 "SQL" 11#72 "dbQuoteIdentifier" "standardGeneric" 10#88 "dbQuoteIdentifier" 4#320 ".local" "dbReadTable" "standardGeneric" "dbReadTable" 5#7 "FUN" "lapply" 5#6 "eval" "eval" "withVisible" "source" 
".Call" 8#37 "result_fetch" 9#57 "sqlColumnToRownames" 7#98 ".local" "dbFetch" "standardGeneric" "dbFetch" 1#204 ".local" "dbGetQuery" "standardGeneric" 1#193 "dbGetQuery" 4#321 ".local" "dbReadTable" "standardGeneric" "dbReadTable" 5#7 "FUN" "lapply" 5#6 "eval" "eval" "withVisible" "source" 
"unlist" "order" "make.names" 4#325 ".local" "dbReadTable" "standardGeneric" "dbReadTable" 5#7 "FUN" "lapply" 5#6 "eval" "eval" "withVisible" "source" 
"extends" "is" ".valueClassTest" "dbFetch" 1#204 ".local" "dbGetQuery" "standardGeneric" 1#193 "dbGetQuery" 4#321 ".local" "dbReadTable" "standardGeneric" "dbReadTable" 5#7 "FUN" "lapply" 5#6 "eval" "eval" "withVisible" "source" 
".Call" 8#37 "result_fetch" 9#57 "sqlColumnToRownames" 7#98 ".local" "dbFetch" "standardGeneric" "dbFetch" 1#204 ".local" "dbGetQuery" "standardGeneric" 1#193 "dbGetQuery" 4#321 ".local" "dbReadTable" "standardGeneric" "dbReadTable" 5#7 "FUN" "lapply" 5#6 "eval" "eval" "withVisible" "source" 
".Call" 8#37 "result_fetch" 9#57 "sqlColumnToRownames" 7#98 ".local" "dbFetch" "standardGeneric" "dbFetch" 1#204 ".local" "dbGetQuery" "standardGeneric" 1#193 "dbGetQuery" 4#321 ".local" "dbReadTable" "standardGeneric" "dbReadTable" 5#7 "FUN" "lapply" 5#6 "eval" "eval" "withVisible" "source" 
